// Jest Snapshot v1, https://goo.gl/fbAQLP

exports[`matches snapshot 1`] = `
<DocumentFragment>
  <div>
    <div
      style="height: 8em; width: 8em; background-color: blue;"
    />
    <button>
       X 
    </button>
  </div>
</DocumentFragment>
`;
